// Jest Snapshot v1, https://goo.gl/fbAQLP

exports[`<Tab /> should render "Sochi" 1`] = `
<li
  className="locations__item"
>
  <a
    className="locations__item-link tabs__item"
    href="#"
  >
    <span>
      Sochi
    </span>
  </a>
</li>
`;
